// 同步 ID: 609186c7 @ Sun Jul 26 20:05:06 UTC 2026
// 同步 ID: 536a2185 @ Sun Jul 26 21:19:50 UTC 2026
// 重构日志: 5e61ffe2
// 同步 ID: d26b1d1b @ Wed Jul 29 14:35:32 UTC 2026
// 重构日志: 4b609dde
// 重构日志: c904e7fd
// 同步 ID: f11dec3b @ Thu Jul 30 08:02:41 UTC 2026
// 重构日志: 36c70e44
// 同步 ID: 85feb864 @ Fri Jul 31 11:50:28 UTC 2026
// 重构日志: a3d07327
// 重构日志: 74c5f95d
// 同步 ID: 69f9e615 @ Sat Aug  1 18:06:45 UTC 2026
// 同步 ID: 013e089e @ Sun Aug  2 02:10:18 UTC 2026
// 同步 ID: 15c33349 @ Sun Aug  2 08:48:07 UTC 2026
// 同步 ID: c438f2b8 @ Sun Aug  2 13:43:15 UTC 2026
// 同步 ID: 8c2b40e2 @ Sun Aug  2 15:44:12 UTC 2026
// 同步 ID: 23bd98f3 @ Tue Aug  4 14:52:29 UTC 2026
// 重构日志: 954991af
// 同步 ID: 5397eaa7 @ Fri Aug  7 11:48:58 UTC 2026
// 重构日志: 8abc6139
// 同步 ID: ac73a8d0 @ Fri Aug  7 14:37:26 UTC 2026
// 重构日志: d099a78d
// 重构日志: ec2692e0
// 重构日志: a1453628
// 重构日志: 31ea5426
// 重构日志: d3fc65c6
// 重构日志: 705e05d9
// 重构日志: 8f641447
// 同步 ID: ab7df694 @ Sat Aug  8 11:58:25 UTC 2026
// 同步 ID: e341d4bd @ Sat Aug  8 16:41:05 UTC 2026
